// Jest Snapshot v1, https://goo.gl/fbAQLP

exports[`languge screen snapshot 1`] = `
<View
  style={
    [
      {
        "paddingBottom": 0,
        "paddingTop": 0,
      },
      {
        "backgroundColor": "#FFFFFF",
        "flex": 1,
      },
      {
        "paddingHorizontal": 24,
      },
    ]
  }
>
  <Text
    style={
      {
        "color": "#000",
        "fontFamily": "Roboto-Bold",
        "fontSize": 20,
      }
    }
  >
    Your Location
  </Text>
  <Text
    style={
      {
        "color": "#000",
        "fontFamily": "Roboto-Medium",
        "fontSize": 16,
        "marginTop": 16.5,
      }
    }
  />
  <View
    accessibilityState={
      {
        "busy": undefined,
        "checked": undefined,
        "disabled": undefined,
        "expanded": undefined,
        "selected": undefined,
      }
    }
    accessibilityValue={
      {
        "max": undefined,
        "min": undefined,
        "now": undefined,
        "text": undefined,
      }
    }
    accessible={true}
    collapsable={false}
    focusable={true}
    onClick={[Function]}
    onResponderGrant={[Function]}
    onResponderMove={[Function]}
    onResponderRelease={[Function]}
    onResponderTerminate={[Function]}
    onResponderTerminationRequest={[Function]}
    onStartShouldSetResponder={[Function]}
    style={
      {
        "alignItems": "center",
        "alignSelf": "center",
        "backgroundColor": "#007864",
        "height": 82,
        "justifyContent": "center",
        "marginTop": 33,
        "opacity": 1,
        "width": "80%",
      }
    }
    testID="toLocation"
  >
    <Text
      style={
        {
          "color": "#FFFFFF",
          "fontFamily": "Roboto-Bold",
          "fontSize": 20,
        }
      }
    >
      Change Location
    </Text>
  </View>
  <View
    style={
      [
        {
          "backgroundColor": "#e1e1e1",
          "height": 2,
          "width": "100%",
        },
        {
          "marginVertical": 33,
        },
      ]
    }
  />
  <Text
    style={
      {
        "color": "#000",
        "fontFamily": "Roboto-Bold",
        "fontSize": 20,
      }
    }
  >
    Change Setting
  </Text>
  <View
    style={
      {
        "alignItems": "center",
        "flexDirection": "row",
        "height": 80,
      }
    }
  >
    <View
      style={
        {
          "alignItems": "center",
          "backgroundColor": "#007864",
          "borderRadius": 20,
          "height": 40,
          "justifyContent": "center",
          "width": 40,
        }
      }
    >
      <SvgMock
        fill="#FFFFFF"
        height={39.5}
        width={48}
      />
    </View>
    <View
      style={
        {
          "flex": 1,
          "marginLeft": 12,
        }
      }
    >
      <Text
        style={
          {
            "color": "#007864",
            "fontFamily": "Roboto-Bold",
            "fontSize": 20,
          }
        }
      />
    </View>
    <View
      accessibilityState={
        {
          "busy": undefined,
          "checked": undefined,
          "disabled": undefined,
          "expanded": undefined,
          "selected": undefined,
        }
      }
      accessibilityValue={
        {
          "max": undefined,
          "min": undefined,
          "now": undefined,
          "text": undefined,
        }
      }
      accessible={true}
      collapsable={false}
      focusable={true}
      onClick={[Function]}
      onResponderGrant={[Function]}
      onResponderMove={[Function]}
      onResponderRelease={[Function]}
      onResponderTerminate={[Function]}
      onResponderTerminationRequest={[Function]}
      onStartShouldSetResponder={[Function]}
      style={
        {
          "alignItems": "center",
          "height": 40,
          "justifyContent": "center",
          "opacity": 1,
          "width": 40,
        }
      }
    >
      <View
        collapsable={false}
        style={
          {
            "backgroundColor": "rgba(151, 151, 151, 1)",
            "borderRadius": 3,
            "height": 5,
            "width": "100%",
          }
        }
      />
      <View
        collapsable={false}
        style={
          {
            "backgroundColor": "rgba(151, 151, 151, 1)",
            "borderColor": "rgba(151, 151, 151, 1)",
            "borderRadius": 15,
            "borderWidth": 5,
            "height": 25,
            "left": 0,
            "position": "absolute",
            "width": 25,
          }
        }
      />
    </View>
  </View>
</View>
`;
